<?xml version="1.0" encoding="utf-8"?><testsuites name="pytest tests"><testsuite name="pytest" errors="20" failures="0" skipped="0" tests="20" time="0.622" timestamp="2025-08-17T07:39:30.935848+02:00" hostname="Mac"><testcase classname="" name="tests.test_comprehensive_integration" time="0.000"><error message="collection failure">ImportError while importing test module '/Users/Development/PlantGuard/tests/test_comprehensive_integration.py'.
Hint: make sure your test modules/packages have valid Python names.
Traceback:
/opt/homebrew/Cellar/python@3.13/3.13.5/Frameworks/Python.framework/Versions/3.13/lib/python3.13/importlib/__init__.py:88: in import_module
    return _bootstrap._gcd_import(name[level:], package, level)
           ^^^^^^^^^^^^^^^^^^^^^^^^^^^^^^^^^^^^^^^^^^^^^^^^^^^^
tests/test_comprehensive_integration.py:16: in &lt;module&gt;
    import torch
E   ModuleNotFoundError: No module named 'torch'</error></testcase><testcase classname="" name="tests.test_cross_platform_compatibility" time="0.000"><error message="collection failure">ImportError while importing test module '/Users/Development/PlantGuard/tests/test_cross_platform_compatibility.py'.
Hint: make sure your test modules/packages have valid Python names.
Traceback:
/opt/homebrew/Cellar/python@3.13/3.13.5/Frameworks/Python.framework/Versions/3.13/lib/python3.13/importlib/__init__.py:88: in import_module
    return _bootstrap._gcd_import(name[level:], package, level)
           ^^^^^^^^^^^^^^^^^^^^^^^^^^^^^^^^^^^^^^^^^^^^^^^^^^^^
tests/test_cross_platform_compatibility.py:15: in &lt;module&gt;
    import torch
E   ModuleNotFoundError: No module named 'torch'</error></testcase><testcase classname="" name="tests.test_data_pipeline" time="0.000"><error message="collection failure">ImportError while importing test module '/Users/Development/PlantGuard/tests/test_data_pipeline.py'.
Hint: make sure your test modules/packages have valid Python names.
Traceback:
/opt/homebrew/Cellar/python@3.13/3.13.5/Frameworks/Python.framework/Versions/3.13/lib/python3.13/importlib/__init__.py:88: in import_module
    return _bootstrap._gcd_import(name[level:], package, level)
           ^^^^^^^^^^^^^^^^^^^^^^^^^^^^^^^^^^^^^^^^^^^^^^^^^^^^
tests/test_data_pipeline.py:12: in &lt;module&gt;
    import numpy as np
E   ModuleNotFoundError: No module named 'numpy'</error></testcase><testcase classname="" name="tests.test_dataset_manager" time="0.000"><error message="collection failure">ImportError while importing test module '/Users/Development/PlantGuard/tests/test_dataset_manager.py'.
Hint: make sure your test modules/packages have valid Python names.
Traceback:
/opt/homebrew/Cellar/python@3.13/3.13.5/Frameworks/Python.framework/Versions/3.13/lib/python3.13/importlib/__init__.py:88: in import_module
    return _bootstrap._gcd_import(name[level:], package, level)
           ^^^^^^^^^^^^^^^^^^^^^^^^^^^^^^^^^^^^^^^^^^^^^^^^^^^^
tests/test_dataset_manager.py:10: in &lt;module&gt;
    from PIL import Image
E   ModuleNotFoundError: No module named 'PIL'</error></testcase><testcase classname="" name="tests.test_end_to_end_deployment" time="0.000"><error message="collection failure">ImportError while importing test module '/Users/Development/PlantGuard/tests/test_end_to_end_deployment.py'.
Hint: make sure your test modules/packages have valid Python names.
Traceback:
/opt/homebrew/Cellar/python@3.13/3.13.5/Frameworks/Python.framework/Versions/3.13/lib/python3.13/importlib/__init__.py:88: in import_module
    return _bootstrap._gcd_import(name[level:], package, level)
           ^^^^^^^^^^^^^^^^^^^^^^^^^^^^^^^^^^^^^^^^^^^^^^^^^^^^
tests/test_end_to_end_deployment.py:14: in &lt;module&gt;
    import torch
E   ModuleNotFoundError: No module named 'torch'</error></testcase><testcase classname="" name="tests.test_huggingface_models" time="0.000"><error message="collection failure">ImportError while importing test module '/Users/Development/PlantGuard/tests/test_huggingface_models.py'.
Hint: make sure your test modules/packages have valid Python names.
Traceback:
/opt/homebrew/Cellar/python@3.13/3.13.5/Frameworks/Python.framework/Versions/3.13/lib/python3.13/importlib/__init__.py:88: in import_module
    return _bootstrap._gcd_import(name[level:], package, level)
           ^^^^^^^^^^^^^^^^^^^^^^^^^^^^^^^^^^^^^^^^^^^^^^^^^^^^
tests/test_huggingface_models.py:8: in &lt;module&gt;
    import numpy as np
E   ModuleNotFoundError: No module named 'numpy'</error></testcase><testcase classname="" name="tests.test_model_on_samples" time="0.000"><error message="collection failure">ImportError while importing test module '/Users/Development/PlantGuard/tests/test_model_on_samples.py'.
Hint: make sure your test modules/packages have valid Python names.
Traceback:
/opt/homebrew/Cellar/python@3.13/3.13.5/Frameworks/Python.framework/Versions/3.13/lib/python3.13/importlib/__init__.py:88: in import_module
    return _bootstrap._gcd_import(name[level:], package, level)
           ^^^^^^^^^^^^^^^^^^^^^^^^^^^^^^^^^^^^^^^^^^^^^^^^^^^^
tests/test_model_on_samples.py:13: in &lt;module&gt;
    import numpy as np
E   ModuleNotFoundError: No module named 'numpy'</error></testcase><testcase classname="" name="tests.test_model_registry" time="0.000"><error message="collection failure">ImportError while importing test module '/Users/Development/PlantGuard/tests/test_model_registry.py'.
Hint: make sure your test modules/packages have valid Python names.
Traceback:
/opt/homebrew/Cellar/python@3.13/3.13.5/Frameworks/Python.framework/Versions/3.13/lib/python3.13/importlib/__init__.py:88: in import_module
    return _bootstrap._gcd_import(name[level:], package, level)
           ^^^^^^^^^^^^^^^^^^^^^^^^^^^^^^^^^^^^^^^^^^^^^^^^^^^^
tests/test_model_registry.py:10: in &lt;module&gt;
    import torch
E   ModuleNotFoundError: No module named 'torch'</error></testcase><testcase classname="" name="tests.test_model_switching_comprehensive" time="0.000"><error message="collection failure">ImportError while importing test module '/Users/Development/PlantGuard/tests/test_model_switching_comprehensive.py'.
Hint: make sure your test modules/packages have valid Python names.
Traceback:
/opt/homebrew/Cellar/python@3.13/3.13.5/Frameworks/Python.framework/Versions/3.13/lib/python3.13/importlib/__init__.py:88: in import_module
    return _bootstrap._gcd_import(name[level:], package, level)
           ^^^^^^^^^^^^^^^^^^^^^^^^^^^^^^^^^^^^^^^^^^^^^^^^^^^^
tests/test_model_switching_comprehensive.py:13: in &lt;module&gt;
    import torch
E   ModuleNotFoundError: No module named 'torch'</error></testcase><testcase classname="" name="tests.test_optimizers" time="0.000"><error message="collection failure">ImportError while importing test module '/Users/Development/PlantGuard/tests/test_optimizers.py'.
Hint: make sure your test modules/packages have valid Python names.
Traceback:
/opt/homebrew/Cellar/python@3.13/3.13.5/Frameworks/Python.framework/Versions/3.13/lib/python3.13/importlib/__init__.py:88: in import_module
    return _bootstrap._gcd_import(name[level:], package, level)
           ^^^^^^^^^^^^^^^^^^^^^^^^^^^^^^^^^^^^^^^^^^^^^^^^^^^^
tests/test_optimizers.py:4: in &lt;module&gt;
    import torch
E   ModuleNotFoundError: No module named 'torch'</error></testcase><testcase classname="" name="tests.test_performance_benchmarks" time="0.000"><error message="collection failure">ImportError while importing test module '/Users/Development/PlantGuard/tests/test_performance_benchmarks.py'.
Hint: make sure your test modules/packages have valid Python names.
Traceback:
/opt/homebrew/Cellar/python@3.13/3.13.5/Frameworks/Python.framework/Versions/3.13/lib/python3.13/importlib/__init__.py:88: in import_module
    return _bootstrap._gcd_import(name[level:], package, level)
           ^^^^^^^^^^^^^^^^^^^^^^^^^^^^^^^^^^^^^^^^^^^^^^^^^^^^
tests/test_performance_benchmarks.py:14: in &lt;module&gt;
    import torch
E   ModuleNotFoundError: No module named 'torch'</error></testcase><testcase classname="" name="tests.test_performance_optimization" time="0.000"><error message="collection failure">ImportError while importing test module '/Users/Development/PlantGuard/tests/test_performance_optimization.py'.
Hint: make sure your test modules/packages have valid Python names.
Traceback:
/opt/homebrew/Cellar/python@3.13/3.13.5/Frameworks/Python.framework/Versions/3.13/lib/python3.13/importlib/__init__.py:88: in import_module
    return _bootstrap._gcd_import(name[level:], package, level)
           ^^^^^^^^^^^^^^^^^^^^^^^^^^^^^^^^^^^^^^^^^^^^^^^^^^^^
tests/test_performance_optimization.py:10: in &lt;module&gt;
    import torch
E   ModuleNotFoundError: No module named 'torch'</error></testcase><testcase classname="" name="tests.test_performance_regression_comprehensive" time="0.000"><error message="collection failure">ImportError while importing test module '/Users/Development/PlantGuard/tests/test_performance_regression_comprehensive.py'.
Hint: make sure your test modules/packages have valid Python names.
Traceback:
/opt/homebrew/Cellar/python@3.13/3.13.5/Frameworks/Python.framework/Versions/3.13/lib/python3.13/importlib/__init__.py:88: in import_module
    return _bootstrap._gcd_import(name[level:], package, level)
           ^^^^^^^^^^^^^^^^^^^^^^^^^^^^^^^^^^^^^^^^^^^^^^^^^^^^
tests/test_performance_regression_comprehensive.py:16: in &lt;module&gt;
    import torch
E   ModuleNotFoundError: No module named 'torch'</error></testcase><testcase classname="" name="tests.test_preprocessing" time="0.000"><error message="collection failure">ImportError while importing test module '/Users/Development/PlantGuard/tests/test_preprocessing.py'.
Hint: make sure your test modules/packages have valid Python names.
Traceback:
/opt/homebrew/Cellar/python@3.13/3.13.5/Frameworks/Python.framework/Versions/3.13/lib/python3.13/importlib/__init__.py:88: in import_module
    return _bootstrap._gcd_import(name[level:], package, level)
           ^^^^^^^^^^^^^^^^^^^^^^^^^^^^^^^^^^^^^^^^^^^^^^^^^^^^
tests/test_preprocessing.py:8: in &lt;module&gt;
    import torch
E   ModuleNotFoundError: No module named 'torch'</error></testcase><testcase classname="" name="tests.test_production_training_integration" time="0.000"><error message="collection failure">ImportError while importing test module '/Users/Development/PlantGuard/tests/test_production_training_integration.py'.
Hint: make sure your test modules/packages have valid Python names.
Traceback:
/opt/homebrew/Cellar/python@3.13/3.13.5/Frameworks/Python.framework/Versions/3.13/lib/python3.13/importlib/__init__.py:88: in import_module
    return _bootstrap._gcd_import(name[level:], package, level)
           ^^^^^^^^^^^^^^^^^^^^^^^^^^^^^^^^^^^^^^^^^^^^^^^^^^^^
tests/test_production_training_integration.py:9: in &lt;module&gt;
    import torch
E   ModuleNotFoundError: No module named 'torch'</error></testcase><testcase classname="" name="tests.test_resource_manager" time="0.000"><error message="collection failure">ImportError while importing test module '/Users/Development/PlantGuard/tests/test_resource_manager.py'.
Hint: make sure your test modules/packages have valid Python names.
Traceback:
/opt/homebrew/Cellar/python@3.13/3.13.5/Frameworks/Python.framework/Versions/3.13/lib/python3.13/importlib/__init__.py:88: in import_module
    return _bootstrap._gcd_import(name[level:], package, level)
           ^^^^^^^^^^^^^^^^^^^^^^^^^^^^^^^^^^^^^^^^^^^^^^^^^^^^
tests/test_resource_manager.py:8: in &lt;module&gt;
    from src.training.resource_manager import (
src/training/__init__.py:3: in &lt;module&gt;
    from .evaluator import ModelEvaluator, ModelMetrics, ValidationResult
src/training/evaluator.py:14: in &lt;module&gt;
    import numpy as np
E   ModuleNotFoundError: No module named 'numpy'</error></testcase><testcase classname="" name="tests.test_setup" time="0.000"><error message="collection failure">ImportError while importing test module '/Users/Development/PlantGuard/tests/test_setup.py'.
Hint: make sure your test modules/packages have valid Python names.
Traceback:
/opt/homebrew/Cellar/python@3.13/3.13.5/Frameworks/Python.framework/Versions/3.13/lib/python3.13/importlib/__init__.py:88: in import_module
    return _bootstrap._gcd_import(name[level:], package, level)
           ^^^^^^^^^^^^^^^^^^^^^^^^^^^^^^^^^^^^^^^^^^^^^^^^^^^^
tests/test_setup.py:11: in &lt;module&gt;
    from src.utils.config import Config
src/utils/__init__.py:7: in &lt;module&gt;
    from .error_handling import ErrorHandler
src/utils/error_handling.py:6: in &lt;module&gt;
    from PIL import Image
E   ModuleNotFoundError: No module named 'PIL'</error></testcase><testcase classname="" name="tests.test_training_config" time="0.000"><error message="collection failure">ImportError while importing test module '/Users/Development/PlantGuard/tests/test_training_config.py'.
Hint: make sure your test modules/packages have valid Python names.
Traceback:
/opt/homebrew/Cellar/python@3.13/3.13.5/Frameworks/Python.framework/Versions/3.13/lib/python3.13/importlib/__init__.py:88: in import_module
    return _bootstrap._gcd_import(name[level:], package, level)
           ^^^^^^^^^^^^^^^^^^^^^^^^^^^^^^^^^^^^^^^^^^^^^^^^^^^^
tests/test_training_config.py:9: in &lt;module&gt;
    from src.training.config import (
src/training/__init__.py:3: in &lt;module&gt;
    from .evaluator import ModelEvaluator, ModelMetrics, ValidationResult
src/training/evaluator.py:14: in &lt;module&gt;
    import numpy as np
E   ModuleNotFoundError: No module named 'numpy'</error></testcase><testcase classname="" name="tests.test_training_integration" time="0.000"><error message="collection failure">ImportError while importing test module '/Users/Development/PlantGuard/tests/test_training_integration.py'.
Hint: make sure your test modules/packages have valid Python names.
Traceback:
/opt/homebrew/Cellar/python@3.13/3.13.5/Frameworks/Python.framework/Versions/3.13/lib/python3.13/importlib/__init__.py:88: in import_module
    return _bootstrap._gcd_import(name[level:], package, level)
           ^^^^^^^^^^^^^^^^^^^^^^^^^^^^^^^^^^^^^^^^^^^^^^^^^^^^
tests/test_training_integration.py:3: in &lt;module&gt;
    import torch
E   ModuleNotFoundError: No module named 'torch'</error></testcase><testcase classname="" name="tests.test_vision_adapter_registry_integration" time="0.000"><error message="collection failure">ImportError while importing test module '/Users/Development/PlantGuard/tests/test_vision_adapter_registry_integration.py'.
Hint: make sure your test modules/packages have valid Python names.
Traceback:
/opt/homebrew/Cellar/python@3.13/3.13.5/Frameworks/Python.framework/Versions/3.13/lib/python3.13/importlib/__init__.py:88: in import_module
    return _bootstrap._gcd_import(name[level:], package, level)
           ^^^^^^^^^^^^^^^^^^^^^^^^^^^^^^^^^^^^^^^^^^^^^^^^^^^^
tests/test_vision_adapter_registry_integration.py:12: in &lt;module&gt;
    import torch
E   ModuleNotFoundError: No module named 'torch'</error></testcase></testsuite></testsuites>